#-----------------------------------------------------------
# Vivado v2018.3 (64-bit)
# SW Build 2405991 on Thu Dec  6 23:38:27 MST 2018
# IP Build 2404404 on Fri Dec  7 01:43:56 MST 2018
# Start of session at: Sat Feb 12 19:42:08 2022
# Process ID: 20420
# Current directory: C:/Users/wataru/Desktop/addr/Miz_sys/Miz_sys
# Command line: vivado.exe -gui_launcher_event rodinguilauncherevent22576 C:\Users\wataru\Desktop\addr\Miz_sys\Miz_sys\Miz_sys.xpr
# Log file: C:/Users/wataru/Desktop/addr/Miz_sys/Miz_sys/vivado.log
# Journal file: C:/Users/wataru/Desktop/addr/Miz_sys/Miz_sys\vivado.jou
#-----------------------------------------------------------
start_gui
open_project C:/Users/wataru/Desktop/addr/Miz_sys/Miz_sys/Miz_sys.xpr
update_compile_order -fileset sources_1
open_bd_design {C:/Users/wataru/Desktop/addr/Miz_sys/Miz_sys/Miz_sys.srcs/sources_1/bd/system/system.bd}
report_ip_status -name ip_status 
upgrade_ip [get_ips  {system_axi_gpio_0_0 system_axi_dma_0_1 system_processing_system7_0_0 system_system_ila_0_0 system_processing_system7_0_axi_periph_0 system_axi_mem_intercon_0 system_xlconcat_0_0 system_axis_data_fifo_0_1 system_ila_0_0 system_rst_processing_system7_0_50M_0}] -log ip_upgrade.log
export_ip_user_files -of_objects [get_ips {system_axi_gpio_0_0 system_axi_dma_0_1 system_processing_system7_0_0 system_system_ila_0_0 system_processing_system7_0_axi_periph_0 system_axi_mem_intercon_0 system_xlconcat_0_0 system_axis_data_fifo_0_1 system_ila_0_0 system_rst_processing_system7_0_50M_0}] -no_script -sync -force -quiet
set_property synth_checkpoint_mode Hierarchical [get_files  C:/Users/wataru/Desktop/addr/Miz_sys/Miz_sys/Miz_sys.srcs/sources_1/bd/system/system.bd]
generate_target all [get_files  C:/Users/wataru/Desktop/addr/Miz_sys/Miz_sys/Miz_sys.srcs/sources_1/bd/system/system.bd]
export_ip_user_files -of_objects [get_files C:/Users/wataru/Desktop/addr/Miz_sys/Miz_sys/Miz_sys.srcs/sources_1/bd/system/system.bd] -no_script -sync -force -quiet
create_ip_run [get_files -of_objects [get_fileset sources_1] C:/Users/wataru/Desktop/addr/Miz_sys/Miz_sys/Miz_sys.srcs/sources_1/bd/system/system.bd]
launch_runs -jobs 8 {system_processing_system7_0_0_synth_1 system_rst_processing_system7_0_50M_0_synth_1 system_ila_0_0_synth_1 system_axis_data_fifo_0_1_synth_1 system_axi_gpio_0_0_synth_1 system_axi_dma_0_1_synth_1 system_system_ila_0_0_synth_1 system_xbar_0_synth_1 system_auto_pc_0_synth_1 system_auto_us_0_synth_1 system_auto_pc_1_synth_1}
export_simulation -of_objects [get_files C:/Users/wataru/Desktop/addr/Miz_sys/Miz_sys/Miz_sys.srcs/sources_1/bd/system/system.bd] -directory C:/Users/wataru/Desktop/addr/Miz_sys/Miz_sys/Miz_sys.ip_user_files/sim_scripts -ip_user_files_dir C:/Users/wataru/Desktop/addr/Miz_sys/Miz_sys/Miz_sys.ip_user_files -ipstatic_source_dir C:/Users/wataru/Desktop/addr/Miz_sys/Miz_sys/Miz_sys.ip_user_files/ipstatic -lib_map_path [list {modelsim=C:/Users/wataru/Desktop/addr/Miz_sys/Miz_sys/Miz_sys.cache/compile_simlib/modelsim} {questa=C:/Users/wataru/Desktop/addr/Miz_sys/Miz_sys/Miz_sys.cache/compile_simlib/questa} {riviera=C:/Users/wataru/Desktop/addr/Miz_sys/Miz_sys/Miz_sys.cache/compile_simlib/riviera} {activehdl=C:/Users/wataru/Desktop/addr/Miz_sys/Miz_sys/Miz_sys.cache/compile_simlib/activehdl}] -use_ip_compiled_libs -force -quiet
report_ip_status -name ip_status 
startgroup
set_property -dict [list CONFIG.PCW_QSPI_GRP_SINGLE_SS_ENABLE {1} CONFIG.PCW_ENET0_PERIPHERAL_ENABLE {1} CONFIG.PCW_ENET0_ENET0_IO {EMIO} CONFIG.PCW_ENET0_GRP_MDIO_ENABLE {1} CONFIG.PCW_ENET0_GRP_MDIO_IO {EMIO}] [get_bd_cells processing_system7_0]
endgroup
startgroup
make_bd_pins_external  [get_bd_pins processing_system7_0/ENET0_GMII_TX_EN]
endgroup
startgroup
make_bd_pins_external  [get_bd_pins processing_system7_0/ENET0_GMII_TXD]
endgroup
startgroup
make_bd_pins_external  [get_bd_pins processing_system7_0/ENET0_GMII_RX_DV] [get_bd_pins processing_system7_0/ENET0_GMII_RX_CLK] [get_bd_pins processing_system7_0/ENET0_GMII_TX_CLK] [get_bd_pins processing_system7_0/ENET0_GMII_RXD]
endgroup
startgroup
make_bd_intf_pins_external  [get_bd_intf_pins processing_system7_0/MDIO_ETHERNET_0]
endgroup
delete_bd_objs [get_bd_nets processing_system7_0_ENET0_GMII_TXD]
undo
delete_bd_objs [get_bd_nets processing_system7_0_ENET0_GMII_TXD]
startgroup
create_bd_cell -type ip -vlnv xilinx.com:ip:xlconcat:2.1 xlconcat_1
endgroup
set_property location {4.5 2012 774} [get_bd_cells xlconcat_1]
set_property -dict [list CONFIG.IN0_WIDTH.VALUE_SRC USER] [get_bd_cells xlconcat_1]
set_property -dict [list CONFIG.NUM_PORTS {1} CONFIG.IN0_WIDTH {4}] [get_bd_cells xlconcat_1]
connect_bd_net [get_bd_pins xlconcat_1/In0] [get_bd_pins processing_system7_0/ENET0_GMII_TXD]
connect_bd_net [get_bd_ports ENET0_GMII_TXD_0] [get_bd_pins xlconcat_1/dout]
copy_bd_objs /  [get_bd_cells {xlconcat_1}]
delete_bd_objs [get_bd_nets ENET0_GMII_RXD_0_1]
connect_bd_net [get_bd_pins processing_system7_0/ENET0_GMII_RXD] [get_bd_pins xlconcat_2/dout]
connect_bd_net [get_bd_ports ENET0_GMII_RXD_0] [get_bd_pins xlconcat_2/In0]
save_bd_design
regenerate_bd_layout
save_bd_design
validate_bd_design
save_bd_design
reset_target all [get_files  C:/Users/wataru/Desktop/addr/Miz_sys/Miz_sys/Miz_sys.srcs/sources_1/bd/system/system.bd]
export_ip_user_files -of_objects  [get_files  C:/Users/wataru/Desktop/addr/Miz_sys/Miz_sys/Miz_sys.srcs/sources_1/bd/system/system.bd] -sync -no_script -force -quiet
delete_ip_run [get_files -of_objects [get_fileset sources_1] C:/Users/wataru/Desktop/addr/Miz_sys/Miz_sys/Miz_sys.srcs/sources_1/bd/system/system.bd]
make_wrapper -files [get_files C:/Users/wataru/Desktop/addr/Miz_sys/Miz_sys/Miz_sys.srcs/sources_1/bd/system/system.bd] -top
add_files -norecurse C:/Users/wataru/Desktop/addr/Miz_sys/Miz_sys/Miz_sys.srcs/sources_1/bd/system/hdl/system_wrapper.v
update_compile_order -fileset sources_1
set_property name ENET0_GII_RXD_0 [get_bd_ports ENET0_GMII_RXD_0]
startgroup
set_property -dict [list CONFIG.NUM_PORTS {2}] [get_bd_cells xlconcat_2]
endgroup
startgroup
set_property -dict [list CONFIG.IN1_WIDTH.VALUE_SRC USER] [get_bd_cells xlconcat_2]
set_property -dict [list CONFIG.IN1_WIDTH {4}] [get_bd_cells xlconcat_2]
endgroup
set_property name ENET0_GMII_RXD_0 [get_bd_ports ENET0_GII_RXD_0]
delete_bd_objs [get_bd_nets ENET0_GMII_RXD_0_1] [get_bd_ports ENET0_GMII_RXD_0]
startgroup
make_bd_pins_external  [get_bd_pins xlconcat_2/In0]
endgroup
set_property name ENET0_GMII_RXD_0 [get_bd_ports In0_0]
save_bd_design
report_ip_status -name ip_status 
validate_bd_design
export_ip_user_files -of_objects  [get_files C:/Users/wataru/Desktop/addr/Miz_sys/Miz_sys/Miz_sys.srcs/sources_1/bd/system/hdl/system_wrapper.v] -no_script -reset -force -quiet
remove_files  C:/Users/wataru/Desktop/addr/Miz_sys/Miz_sys/Miz_sys.srcs/sources_1/bd/system/hdl/system_wrapper.v
file delete -force C:/Users/wataru/Desktop/addr/Miz_sys/Miz_sys/Miz_sys.srcs/sources_1/bd/system/hdl/system_wrapper.v
reset_target all [get_files  C:/Users/wataru/Desktop/addr/Miz_sys/Miz_sys/Miz_sys.srcs/sources_1/bd/system/system.bd]
export_ip_user_files -of_objects  [get_files  C:/Users/wataru/Desktop/addr/Miz_sys/Miz_sys/Miz_sys.srcs/sources_1/bd/system/system.bd] -sync -no_script -force -quiet
report_ip_status -name ip_status 
make_wrapper -files [get_files C:/Users/wataru/Desktop/addr/Miz_sys/Miz_sys/Miz_sys.srcs/sources_1/bd/system/system.bd] -top
add_files -norecurse C:/Users/wataru/Desktop/addr/Miz_sys/Miz_sys/Miz_sys.srcs/sources_1/bd/system/hdl/system_wrapper.v
update_compile_order -fileset sources_1
export_ip_user_files -of_objects  [get_files C:/Users/wataru/Desktop/addr/Miz_sys/Miz_sys/Miz_sys.srcs/sources_1/bd/system/hdl/system_wrapper.v] -no_script -reset -force -quiet
remove_files  C:/Users/wataru/Desktop/addr/Miz_sys/Miz_sys/Miz_sys.srcs/sources_1/bd/system/hdl/system_wrapper.v
file delete -force C:/Users/wataru/Desktop/addr/Miz_sys/Miz_sys/Miz_sys.srcs/sources_1/bd/system/hdl/system_wrapper.v
startgroup
set_property -dict [list CONFIG.PCW_UIPARAM_DDR_PARTNO {MT41J256M16 RE-125}] [get_bd_cells processing_system7_0]
endgroup
validate_bd_design
report_ip_status -name ip_status 
reset_target all [get_files  C:/Users/wataru/Desktop/addr/Miz_sys/Miz_sys/Miz_sys.srcs/sources_1/bd/system/system.bd]
export_ip_user_files -of_objects  [get_files  C:/Users/wataru/Desktop/addr/Miz_sys/Miz_sys/Miz_sys.srcs/sources_1/bd/system/system.bd] -sync -no_script -force -quiet
generate_target all [get_files  C:/Users/wataru/Desktop/addr/Miz_sys/Miz_sys/Miz_sys.srcs/sources_1/bd/system/system.bd]
export_ip_user_files -of_objects [get_files C:/Users/wataru/Desktop/addr/Miz_sys/Miz_sys/Miz_sys.srcs/sources_1/bd/system/system.bd] -no_script -sync -force -quiet
create_ip_run [get_files -of_objects [get_fileset sources_1] C:/Users/wataru/Desktop/addr/Miz_sys/Miz_sys/Miz_sys.srcs/sources_1/bd/system/system.bd]
launch_runs -jobs 8 {system_processing_system7_0_0_synth_1 system_rst_processing_system7_0_50M_0_synth_1 system_ila_0_0_synth_1 system_axis_data_fifo_0_1_synth_1 system_axi_gpio_0_0_synth_1 system_axi_dma_0_1_synth_1 system_system_ila_0_0_synth_1 system_xbar_0_synth_1 system_auto_pc_0_synth_1 system_auto_us_0_synth_1 system_auto_pc_1_synth_1}
export_simulation -of_objects [get_files C:/Users/wataru/Desktop/addr/Miz_sys/Miz_sys/Miz_sys.srcs/sources_1/bd/system/system.bd] -directory C:/Users/wataru/Desktop/addr/Miz_sys/Miz_sys/Miz_sys.ip_user_files/sim_scripts -ip_user_files_dir C:/Users/wataru/Desktop/addr/Miz_sys/Miz_sys/Miz_sys.ip_user_files -ipstatic_source_dir C:/Users/wataru/Desktop/addr/Miz_sys/Miz_sys/Miz_sys.ip_user_files/ipstatic -lib_map_path [list {modelsim=C:/Users/wataru/Desktop/addr/Miz_sys/Miz_sys/Miz_sys.cache/compile_simlib/modelsim} {questa=C:/Users/wataru/Desktop/addr/Miz_sys/Miz_sys/Miz_sys.cache/compile_simlib/questa} {riviera=C:/Users/wataru/Desktop/addr/Miz_sys/Miz_sys/Miz_sys.cache/compile_simlib/riviera} {activehdl=C:/Users/wataru/Desktop/addr/Miz_sys/Miz_sys/Miz_sys.cache/compile_simlib/activehdl}] -use_ip_compiled_libs -force -quiet
make_wrapper -files [get_files C:/Users/wataru/Desktop/addr/Miz_sys/Miz_sys/Miz_sys.srcs/sources_1/bd/system/system.bd] -top
add_files -norecurse C:/Users/wataru/Desktop/addr/Miz_sys/Miz_sys/Miz_sys.srcs/sources_1/bd/system/hdl/system_wrapper.v
update_compile_order -fileset sources_1
export_ip_user_files -of_objects  [get_files C:/Users/wataru/Desktop/addr/Miz_sys/Miz_sys/Miz_sys.srcs/sources_1/bd/system/hdl/system_wrapper.v] -no_script -reset -force -quiet
remove_files  C:/Users/wataru/Desktop/addr/Miz_sys/Miz_sys/Miz_sys.srcs/sources_1/bd/system/hdl/system_wrapper.v
file delete -force C:/Users/wataru/Desktop/addr/Miz_sys/Miz_sys/Miz_sys.srcs/sources_1/bd/system/hdl/system_wrapper.v
create_ip_run [get_files -of_objects [get_fileset sources_1] C:/Users/wataru/Desktop/addr/Miz_sys/Miz_sys/Miz_sys.srcs/sources_1/bd/system/system.bd]
synth_design -rtl -name rtl_1
set_property IOSTANDARD LVCMOS33 [get_ports [list {ENET0_GMII_RXD_0[3]} {ENET0_GMII_RXD_0[2]} {ENET0_GMII_RXD_0[1]} {ENET0_GMII_RXD_0[0]} {ENET0_GMII_TXD_0[3]} {ENET0_GMII_TXD_0[2]} {ENET0_GMII_TXD_0[1]} {ENET0_GMII_TXD_0[0]} ENET0_GMII_RX_DV_0 {ENET0_GMII_TX_EN_0[0]}]]
place_ports {ENET0_GMII_RXD_0[1]} J14
startgroup
set_property package_pin "" [get_ports [list  {ENET0_GMII_RXD_0[1]}]]
place_ports {ENET0_GMII_RXD_0[0]} J14
endgroup
place_ports {ENET0_GMII_RXD_0[1]} K14
place_ports {ENET0_GMII_RXD_0[2]} M18
place_ports {ENET0_GMII_RXD_0[3]} M17
place_ports {ENET0_GMII_TXD_0[0]} M14
place_ports {ENET0_GMII_TXD_0[1]} L15
place_ports {ENET0_GMII_TXD_0[2]} M15
place_ports {ENET0_GMII_TXD_0[3]} N15
place_ports ENET0_GMII_RX_DV_0 K18
set_property package_pin "" [get_ports [list  {ENET0_GMII_TX_EN_0[0]}]]
set_property IOSTANDARD LVCMOS33 [get_ports [list MDIO_ETHERNET_0_0_mdio_io MDIO_ETHERNET_0_0_mdc]]
set_property IOSTANDARD LVCMOS33 [get_ports [list ENET0_GMII_RX_CLK_0]]
set_property IOSTANDARD LVCMOS33 [get_ports [list ENET0_GMII_TX_CLK_0]]
place_ports ENET0_GMII_RX_CLK_0 K17
place_ports ENET0_GMII_TX_CLK_0 L14
place_ports {ENET0_GMII_TX_EN_0[0]} N16
place_ports MDIO_ETHERNET_0_0_mdc J15
startgroup
set_property package_pin "" [get_ports [list  MDIO_ETHERNET_0_0_mdc]]
place_ports MDIO_ETHERNET_0_0_mdio_io J15
endgroup
place_ports MDIO_ETHERNET_0_0_mdc G14
close [ open C:/Users/wataru/Desktop/addr/Miz_sys/Miz_sys/Miz_sys.srcs/constrs_1/new/vd_xci.xdc w ]
add_files -fileset constrs_1 C:/Users/wataru/Desktop/addr/Miz_sys/Miz_sys/Miz_sys.srcs/constrs_1/new/vd_xci.xdc
set_property target_constrs_file C:/Users/wataru/Desktop/addr/Miz_sys/Miz_sys/Miz_sys.srcs/constrs_1/new/vd_xci.xdc [current_fileset -constrset]
save_constraints -force
launch_runs impl_3 -to_step write_bitstream -jobs 8
wait_on_run impl_3
file mkdir C:/Users/wataru/Desktop/addr/Miz_sys/Miz_sys/Miz_sys.sdk
file copy -force C:/Users/wataru/Desktop/addr/Miz_sys/Miz_sys/Miz_sys.runs/impl_3/dma_system_wrapper.sysdef C:/Users/wataru/Desktop/addr/Miz_sys/Miz_sys/Miz_sys.sdk/dma_system_wrapper.hdf

launch_sdk -workspace C:/Users/wataru/Desktop/addr/Miz_sys/Miz_sys/Miz_sys.sdk -hwspec C:/Users/wataru/Desktop/addr/Miz_sys/Miz_sys/Miz_sys.sdk/dma_system_wrapper.hdf
launch_sdk -workspace C:/Users/wataru/Desktop/addr/Miz_sys/Miz_sys/Miz_sys.sdk -hwspec C:/Users/wataru/Desktop/addr/Miz_sys/Miz_sys/Miz_sys.sdk/dma_system_wrapper.hdf
